[30/Jul/2026 20:05:10] "GET / HTTP/1.1" 302 0
[30/Jul/2026 20:05:10] "GET /entrar/?next=/ HTTP/1.1" 200 1364
[30/Jul/2026 20:05:17] "GET /entrar/?next=/ HTTP/1.1" 200 1364
Not Found: /favicon.ico
[30/Jul/2026 20:05:18] "GET /favicon.ico HTTP/1.1" 404 5950
[30/Jul/2026 20:05:23] "POST /entrar/?next=/ HTTP/1.1" 302 0
[30/Jul/2026 20:05:24] "GET / HTTP/1.1" 200 1135
[30/Jul/2026 20:05:30] "GET / HTTP/1.1" 200 1135
[30/Jul/2026 20:05:30] "GET /livros/ HTTP/1.1" 200 2523
[30/Jul/2026 20:05:32] "GET /autores/ HTTP/1.1" 200 1869
[30/Jul/2026 20:05:44] "GET /categorias/ HTTP/1.1" 200 1496
[30/Jul/2026 20:05:58] "GET /categorias/ HTTP/1.1" 200 1496
[30/Jul/2026 20:05:59] "GET /emprestimos/ HTTP/1.1" 200 1951
[30/Jul/2026 20:06:00] "GET /multas/ HTTP/1.1" 200 1149
[30/Jul/2026 20:06:07] "GET /admin/ HTTP/1.1" 200 9611
[30/Jul/2026 20:06:07] "GET /static/admin/css/dark_mode.css HTTP/1.1" 200 3538
[30/Jul/2026 20:06:07] "GET /static/admin/js/theme.js HTTP/1.1" 200 1653
[30/Jul/2026 20:06:07] "GET /static/admin/css/nav_sidebar.css HTTP/1.1" 200 2810
[30/Jul/2026 20:06:07] "GET /static/admin/css/responsive.css HTTP/1.1" 200 16273
[30/Jul/2026 20:06:07] "GET /static/admin/css/base.css HTTP/1.1" 200 23100
[30/Jul/2026 20:06:07] "GET /static/admin/css/dashboard.css HTTP/1.1" 200 441
[30/Jul/2026 20:06:07] "GET /static/admin/img/icon-addlink.svg HTTP/1.1" 200 593
[30/Jul/2026 20:06:07] "GET /static/admin/img/icon-changelink.svg HTTP/1.1" 200 978
[30/Jul/2026 20:06:07] "GET /static/admin/js/nav_sidebar.js HTTP/1.1" 200 3063
[30/Jul/2026 20:06:13] "GET / HTTP/1.1" 200 1135
[30/Jul/2026 20:06:15] "GET / HTTP/1.1" 200 1135
[30/Jul/2026 20:06:17] "GET /livros/ HTTP/1.1" 200 2523
[30/Jul/2026 20:06:20] "GET /autores/ HTTP/1.1" 200 1869
[30/Jul/2026 20:09:45] "GET /autores/ HTTP/1.1" 200 1869
[30/Jul/2026 20:09:48] "GET /autores/ HTTP/1.1" 200 1869
[30/Jul/2026 20:10:12] "GET /entrar/ HTTP/1.1" 200 1364
[30/Jul/2026 20:10:12] "GET /static/acervo/css/style.css HTTP/1.1" 404 1874
